../Core/Src/main.c:168:6:MotorDrive_enable	8	static
../Core/Src/main.c:175:6:MotorStop_both	4	static
../Core/Src/main.c:323:6:setPID	32	static
../Core/Src/main.c:358:5:main	8	static
../Core/Src/main.c:482:6:SystemClock_Config	88	static
../Core/Src/main.c:524:13:MX_ADC1_Init	24	static
../Core/Src/main.c:576:13:MX_ADC2_Init	24	static
../Core/Src/main.c:628:13:MX_I2C2_Init	8	static
../Core/Src/main.c:662:13:MX_TIM1_Init	32	static
../Core/Src/main.c:708:13:MX_TIM2_Init	56	static
../Core/Src/main.c:757:13:MX_TIM3_Init	56	static
../Core/Src/main.c:806:13:MX_TIM4_Init	64	static
../Core/Src/main.c:869:13:MX_TIM8_Init	48	static
../Core/Src/main.c:928:13:MX_TIM9_Init	56	static
../Core/Src/main.c:984:13:MX_TIM12_Init	56	static
../Core/Src/main.c:1036:13:MX_TIM14_Init	8	static
../Core/Src/main.c:1067:13:MX_USART3_UART_Init	8	static
../Core/Src/main.c:1100:13:MX_GPIO_Init	48	static
../Core/Src/main.c:1166:6:delay_us	16	static
../Core/Src/main.c:1173:6:HAL_TIM_IC_CaptureCallback	16	static
../Core/Src/main.c:1191:6:Motor_direction_both	16	static
../Core/Src/main.c:1202:6:display_if_changed	16	static
../Core/Src/main.c:1211:6:HAL_UART_RxCpltCallback	96	static
../Core/Src/main.c:1276:6:convert_instruction	24	static
../Core/Src/main.c:1289:6:I2C_Bus_Recovery	40	static
../Core/Src/main.c:1329:6:icm20948_init	32	static
../Core/Src/main.c:1374:6:PID_Compute	32	static
../Core/Src/main.c:1403:6:forward	24	static
../Core/Src/main.c:1466:6:forward_until	24	static
../Core/Src/main.c:1529:6:reverse	24	static
../Core/Src/main.c:1591:6:reverse_until	24	static
../Core/Src/main.c:1653:6:forwardTurn	24	static
../Core/Src/main.c:1718:6:reverseTurn	24	static
../Core/Src/main.c:1782:6:buzzerOn	16	static
../Core/Src/main.c:1788:6:rotate_wheel	16	static
../Core/Src/main.c:1804:6:convert_from_angle	16	static
../Core/Src/main.c:1851:6:StartDefaultTask	16	static
../Core/Src/main.c:1874:6:show	40	static
../Core/Src/main.c:1916:6:motors	32	static
../Core/Src/main.c:2086:6:encoder	80	static
../Core/Src/main.c:2155:6:encoder_B	144	static
../Core/Src/main.c:2228:6:ultra_sensor	40	static
../Core/Src/main.c:2264:6:sensor_reading	80	static
../Core/Src/main.c:2341:6:ir_dist	16	static
../Core/Src/main.c:2387:6:transmit	88	static
../Core/Src/main.c:2437:6:encoder_diff	24	static
../Core/Src/main.c:2461:6:HAL_TIM_PeriodElapsedCallback	16	static
../Core/Src/main.c:2479:6:Error_Handler	4	static,ignoring_inline_asm
